

================================================================
== Vivado HLS Report for 'StreamingDataWidthCo'
================================================================
* Date:           Thu May  7 18:40:25 2020

* Version:        2016.3 (Build 1682563 on Mon Oct 10 19:41:59 MDT 2016)
* Project:        lfcW1A1-pynqZ1-Z2
* Solution:       sol1
* Product family: zynq
* Target device:  xc7z020clg400-1


================================================================
== Performance Estimates
================================================================
+ Timing (ns): 
    * Summary: 
    +--------+-------+----------+------------+
    |  Clock | Target| Estimated| Uncertainty|
    +--------+-------+----------+------------+
    |ap_clk  |   5.00|      6.33|        0.62|
    +--------+-------+----------+------------+

+ Latency (clock cycles): 
    * Summary: 
    +-----+-----+-----+-----+---------+
    |  Latency  |  Interval | Pipeline|
    | min | max | min | max |   Type  |
    +-----+-----+-----+-----+---------+
    |    ?|    ?|    ?|    ?|   none  |
    +-----+-----+-----+-----+---------+

    + Detail: 
        * Instance: 
        N/A

        * Loop: 
        +----------+-----+-----+----------+-----------+-----------+------+----------+
        |          |  Latency  | Iteration|  Initiation Interval  | Trip |          |
        | Loop Name| min | max |  Latency |  achieved |   target  | Count| Pipelined|
        +----------+-----+-----+----------+-----------+-----------+------+----------+
        |- Loop 1  |    ?|    ?|         2|          1|          1|     ?|    yes   |
        +----------+-----+-----+----------+-----------+-----------+------+----------+



================================================================
== Utilization Estimates
================================================================
* Summary: 
+-----------------+---------+-------+--------+-------+
|       Name      | BRAM_18K| DSP48E|   FF   |  LUT  |
+-----------------+---------+-------+--------+-------+
|DSP              |        -|      -|       -|      -|
|Expression       |        -|      -|       0|    132|
|FIFO             |        -|      -|       -|      -|
|Instance         |        -|      -|       -|      -|
|Memory           |        -|      -|       -|      -|
|Multiplexer      |        -|      -|       -|    125|
|Register         |        -|      -|     121|      -|
+-----------------+---------+-------+--------+-------+
|Total            |        0|      0|     121|    257|
+-----------------+---------+-------+--------+-------+
|Available        |      280|    220|  106400|  53200|
+-----------------+---------+-------+--------+-------+
|Utilization (%)  |        0|      0|   ~0   |   ~0  |
+-----------------+---------+-------+--------+-------+

+ Detail: 
    * Instance: 
    N/A

    * DSP48: 
    N/A

    * Memory: 
    N/A

    * FIFO: 
    N/A

    * Expression: 
    +----------------------+----------+-------+---+----+------------+------------+
    |     Variable Name    | Operation| DSP48E| FF| LUT| Bitwidth P0| Bitwidth P1|
    +----------------------+----------+-------+---+----+------------+------------+
    |o_fu_146_p2           |     +    |      0|  0|  32|           1|          32|
    |t_fu_134_p2           |     +    |      0|  0|  32|          32|           1|
    |ap_condition_61       |    and   |      0|  0|   1|           1|           1|
    |exitcond_i_fu_129_p2  |   icmp   |      0|  0|  11|          32|          32|
    |tmp_1_i_fu_140_p2     |   icmp   |      0|  0|  11|          32|           1|
    |tmp_5_i_fu_152_p2     |   icmp   |      0|  0|  11|          32|           3|
    |ap_condition_84       |    or    |      0|  0|   1|           1|           1|
    |ap_condition_95       |    or    |      0|  0|   1|           1|           1|
    |p_i_fu_158_p3         |  select  |      0|  0|  32|           1|           1|
    +----------------------+----------+-------+---+----+------------+------------+
    |Total                 |          |      0|  0| 132|         133|          73|
    +----------------------+----------+-------+---+----+------------+------------+

    * Multiplexer: 
    +------------------------+----+-----------+-----+-----------+
    |          Name          | LUT| Input Size| Bits| Total Bits|
    +------------------------+----+-----------+-----+-----------+
    |ap_NS_fsm               |   1|          4|    1|          4|
    |in_V_V_blk_n            |   1|          2|    1|          2|
    |numReps_blk_n           |   1|          2|    1|          2|
    |numReps_out_blk_n       |   1|          2|    1|          2|
    |o_i_reg_91              |  32|          2|   32|         64|
    |out_V_V_blk_n           |   1|          2|    1|          2|
    |p_1_i_reg_79            |  24|          2|   24|         48|
    |p_Val2_s_phi_fu_116_p4  |  32|          3|   32|         96|
    |t_i_reg_102             |  32|          2|   32|         64|
    +------------------------+----+-----------+-----+-----------+
    |Total                   | 125|         21|  125|        284|
    +------------------------+----+-----------+-----+-----------+

    * Register: 
    +-------------------------+----+----+-----+-----------+
    |           Name          | FF | LUT| Bits| Const Bits|
    +-------------------------+----+----+-----+-----------+
    |ap_CS_fsm                |   3|   0|    3|          0|
    |ap_done_reg              |   1|   0|    1|          0|
    |ap_enable_reg_pp0_iter0  |   1|   0|    1|          0|
    |ap_enable_reg_pp0_iter1  |   1|   0|    1|          0|
    |exitcond_i_reg_191       |   1|   0|    1|          0|
    |o_i_reg_91               |  32|   0|   32|          0|
    |p_1_i_reg_79             |  24|   0|   24|          0|
    |t_i_reg_102              |  32|   0|   32|          0|
    |tmp_1_i_reg_200          |   1|   0|    1|          0|
    |tmp_reg_186              |  25|   0|   32|          7|
    +-------------------------+----+----+-----+-----------+
    |Total                    | 121|   0|  128|          7|
    +-------------------------+----+----+-----+-----------+



================================================================
== Interface
================================================================
* Summary: 
+--------------------+-----+-----+------------+----------------------+--------------+
|      RTL Ports     | Dir | Bits|  Protocol  |     Source Object    |    C Type    |
+--------------------+-----+-----+------------+----------------------+--------------+
|ap_clk              |  in |    1| ap_ctrl_hs | StreamingDataWidthCo | return value |
|ap_rst              |  in |    1| ap_ctrl_hs | StreamingDataWidthCo | return value |
|ap_start            |  in |    1| ap_ctrl_hs | StreamingDataWidthCo | return value |
|ap_done             | out |    1| ap_ctrl_hs | StreamingDataWidthCo | return value |
|ap_continue         |  in |    1| ap_ctrl_hs | StreamingDataWidthCo | return value |
|ap_idle             | out |    1| ap_ctrl_hs | StreamingDataWidthCo | return value |
|ap_ready            | out |    1| ap_ctrl_hs | StreamingDataWidthCo | return value |
|in_V_V_dout         |  in |   32|   ap_fifo  |        in_V_V        |    pointer   |
|in_V_V_empty_n      |  in |    1|   ap_fifo  |        in_V_V        |    pointer   |
|in_V_V_read         | out |    1|   ap_fifo  |        in_V_V        |    pointer   |
|out_V_V_din         | out |    8|   ap_fifo  |        out_V_V       |    pointer   |
|out_V_V_full_n      |  in |    1|   ap_fifo  |        out_V_V       |    pointer   |
|out_V_V_write       | out |    1|   ap_fifo  |        out_V_V       |    pointer   |
|numReps_dout        |  in |   32|   ap_fifo  |        numReps       |    pointer   |
|numReps_empty_n     |  in |    1|   ap_fifo  |        numReps       |    pointer   |
|numReps_read        | out |    1|   ap_fifo  |        numReps       |    pointer   |
|numReps_out_din     | out |   32|   ap_fifo  |      numReps_out     |    pointer   |
|numReps_out_full_n  |  in |    1|   ap_fifo  |      numReps_out     |    pointer   |
|numReps_out_write   | out |    1|   ap_fifo  |      numReps_out     |    pointer   |
+--------------------+-----+-----+------------+----------------------+--------------+

